
[3] CaseData initial_dialogue → DialogueData
  [OK] Dialogue exists: ch1_mei_ling_intro
  [OK] Dialogue exists: ch1_abyss_bar_enter
  [OK] Dialogue exists: ch1_workshop_enter
  [OK] Dialogue exists: ch1_old_city_police_outpost_enter
  [OK] Dialogue exists: ch1_dr_chen_encounter
  [OK] Dialogue exists: ch1_abyss_bar_backroom_enter
  [OK] Dialogue exists: ch2_opening
  [OK] Dialogue exists: ch2_memory_market_enter
  [OK] Dialogue exists: ch2_warehouse_explore
  [OK] Dialogue exists: ch2_zhao_ming_meeting
  [OK] Dialogue exists: ch2_referral_enter
  [OK] Dialogue exists: ch2_auction_enter
  [OK] Dialogue exists: ch2_civic_archive_enter
  [OK] Dialogue exists: ch3_opening
  [OK] Dialogue exists: ch3_lab_arrival
  [OK] Dialogue exists: ch3_echo_ai
  [OK] Dialogue exists: ch3_recovery_annex_enter
  [OK] Dialogue exists: ch3_epilogue_family

[4] DialogueData label jump targets
  [OK] All 171 jump targets stay within their dialogue

[5] Evidence IDs consistency
  [OK] Found 45 evidence IDs
  [OK] No duplicate evidence IDs
  [OK] All story choices use registered, saveable decision keys
  [OK] Story progression recognises core flag producers and rejects unknown prerequisites

[32] Chapter 1 expanded dual-route and eagle-eye readings
  [OK] Expanded Chapter 1 dialogue exists: ch1_eleven_pm_call_log
  [OK] Expanded Chapter 1 dialogue exists: ch1_old_city_police_outpost
  [OK] Expanded Chapter 1 dialogue exists: ch1_street_camera_gap
  [OK] Expanded Chapter 1 dialogue exists: ch1_abyss_backroom_investigation
  [OK] Expanded Chapter 1 dialogue exists: ch1_snake_data_chip_choice
  [OK] Expanded Chapter 1 dialogue exists: ch1_dr_chen_clinic_followup
  [OK] Expanded Chapter 1 dialogue exists: ch1_three_evidence_inference
  [OK] Expanded story action wired: inspect_eleven_pm_call_log
  [OK] Expanded story action wired: visit_old_city_police_outpost
  [OK] Expanded story action wired: review_east_district_camera_gap
  [OK] Expanded story action wired: investigate_abyss_backroom
  [OK] Expanded story action wired: negotiate_snake_data_chip
  [OK] Expanded story action wired: visit_dr_chen_clinic
  [OK] Expanded story action wired: compile_ch1_three_evidence_inference
  [OK] Expanded Chapter 1 evidence exists: eleven_pm_call_log
  [OK] Expanded Chapter 1 evidence exists: rejected_missing_person_report
  [OK] Expanded Chapter 1 evidence exists: street_camera_gap
  [OK] Expanded Chapter 1 evidence exists: masked_client_receipt
  [OK] Expanded Chapter 1 evidence exists: clinic_eye_warning_log
  [OK] Expanded Chapter 1 evidence exists: black_market_entry_hint
  [OK] Chapter 1 evidence has broad eagle-eye second readings
  [OK] Expanded evidence-board flag wired: "eleven_pm_call_log:rejected_missing_person_report": "deduced_police_suppression"
  [OK] Expanded evidence-board flag wired: "rejected_missing_person_report:street_camera_gap": "deduced_city_system_suppression"
  [OK] Expanded evidence-board flag wired: "masked_client_receipt:stranger_photo": "deduced_ch1_black_market_route"
  [OK] Expanded evidence-board flag wired: "clinic_eye_warning_log:masked_client_receipt": "deduced_ch1_three_evidence_gate"
  [OK] Expanded route flag present: accepted_snake_deal
  [OK] Expanded route flag present: rejected_snake_deal
  [OK] Expanded route flag present: black_market_route_opened
  [OK] Expanded route flag present: clinic_route_opened
  [OK] Expanded route flag present: echo_trust_axis_seeded
  [OK] Eagle-eye overuse count and warning flag are tracked
  [OK] Evidence board displays alternate evidence readings in eagle-eye mode
  [OK] Specific evidence and explicit choices determine endings
  [OK] Expanded Chapter 1 final inference triggers eagle-eye anomaly presentation

[34] Chapter 1 locationization and side evidence
  [OK] Chapter 1 location scene path registered: old_city_police_outpost
  [OK] Chapter 1 location scene exists: old_city_police_outpost
  [OK] Chapter 1 location background exists: old_city_police_outpost
  [OK] Chapter 1 location gate and parent-only connection wired: old_city_police_outpost
  [OK] Chapter 1 location scene path registered: dr_chen_clinic
  [OK] Chapter 1 location scene exists: dr_chen_clinic
  [OK] Chapter 1 location background exists: dr_chen_clinic
  [OK] Chapter 1 location gate and parent-only connection wired: dr_chen_clinic
  [OK] Chapter 1 location scene path registered: abyss_bar_backroom
  [OK] Chapter 1 location scene exists: abyss_bar_backroom
  [OK] Chapter 1 location background exists: abyss_bar_backroom
  [OK] Chapter 1 location gate and parent-only connection wired: abyss_bar_backroom
  [OK] Moved story action has a single new-location owner: visit_old_city_police_outpost
  [OK] Moved story action has a single new-location owner: visit_dr_chen_clinic
  [OK] Moved story action has a single new-location owner: investigate_abyss_backroom
  [OK] Chapter 1 locationization dialogue exists: ch1_old_city_police_outpost_enter
  [OK] Chapter 1 locationization dialogue exists: ch1_old_city_queue_ticket
  [OK] Chapter 1 locationization dialogue exists: ch1_abyss_bar_backroom_enter
  [OK] Chapter 1 locationization dialogue exists: ch1_abyss_surveillance_delay_log
  [OK] Chapter 1 locationization dialogue exists: ch1_clinic_anonymous_case_note
  [OK] Chapter 1 side evidence data has dedicated icon and eye reading: old_city_queue_ticket
  [OK] Chapter 1 side evidence icon source and runtime exist: old_city_queue_ticket
  [OK] Chapter 1 side evidence icon size stable: old_city_queue_ticket
  [OK] Chapter 1 side evidence icon keeps alpha channel: old_city_queue_ticket
  [OK] Chapter 1 side evidence icon source matches runtime: old_city_queue_ticket
  [OK] Chapter 1 locationization prompt documented: old_city_queue_ticket
  [OK] Chapter 1 side evidence data has dedicated icon and eye reading: clinic_anonymous_case_note
  [OK] Chapter 1 side evidence icon source and runtime exist: clinic_anonymous_case_note
  [OK] Chapter 1 side evidence icon size stable: clinic_anonymous_case_note
  [OK] Chapter 1 side evidence icon keeps alpha channel: clinic_anonymous_case_note
  [OK] Chapter 1 side evidence icon source matches runtime: clinic_anonymous_case_note
  [OK] Chapter 1 locationization prompt documented: clinic_anonymous_case_note
  [OK] Chapter 1 side evidence data has dedicated icon and eye reading: abyss_surveillance_delay_log
  [OK] Chapter 1 side evidence icon source and runtime exist: abyss_surveillance_delay_log
  [OK] Chapter 1 side evidence icon size stable: abyss_surveillance_delay_log
  [OK] Chapter 1 side evidence icon keeps alpha channel: abyss_surveillance_delay_log
  [OK] Chapter 1 side evidence icon source matches runtime: abyss_surveillance_delay_log
  [OK] Chapter 1 locationization prompt documented: abyss_surveillance_delay_log
  [OK] Optional Chapter 1 evidence-board connection wired: "old_city_queue_ticket": "rejected_missing_person_report"
  [OK] Optional Chapter 1 evidence-board connection wired: "clinic_anonymous_case_note": "clinic_eye_warning_log"
  [OK] Optional Chapter 1 evidence-board connection wired: "abyss_surveillance_delay_log": "masked_client_receipt"
  [OK] Optional Chapter 1 evidence-board connection wired: "old_city_queue_ticket:rejected_missing_person_report": "deduced_old_city_system_delay"
  [OK] Optional Chapter 1 evidence-board connection wired: "clinic_anonymous_case_note:clinic_eye_warning_log": "deduced_clinic_pattern_warning"
  [OK] Optional Chapter 1 evidence-board connection wired: "abyss_surveillance_delay_log:masked_client_receipt": "deduced_abyss_paid_silence"
  [OK] LocationBase supports one-shot story actions
  [OK] LocationBase supports evidence-gated map destinations
  [OK] DialogueSystem supports route fallback and multi-flag setting
  [OK] Snake first encounter is reachable and separate from route selection
  [OK] Chapter 1 final inference has unresolved-route fallback
  [OK] Snake data-chip trade is one-shot and route choices are mutually exclusive
  [OK] Chapter 1 completion decisions wired
TRADE_DATA_CHECKS: passed=108 failed=0 warnings=0
