Godot Engine v4.6.1.stable.official.14d19694e - https://godotengine.org

[   0% ] [90m[1mfirst_scan_filesystem[22m | Started 專案初始化中 (5 steps)[39m[0m
[   0% ] [90m[1mfirst_scan_filesystem[22m | 正在掃描檔案結構…[39m[0m
[  16% ] [90m[1mfirst_scan_filesystem[22m | 載入全域類別名稱中…[39m[0m
[  33% ] [90m[1mfirst_scan_filesystem[22m | 正在驗證GD擴充功能...[39m[0m
[  50% ] [90m[1mfirst_scan_filesystem[22m | 正在建立自動載入腳本…[39m[0m
[  66% ] [90m[1mfirst_scan_filesystem[22m | 初始化外掛程式...[39m[0m
[  83% ] [90m[1mfirst_scan_filesystem[22m | 開始掃描檔案...[39m[0m
[92m[ DONE ][39m [1mfirst_scan_filesystem[22m
[0m
[   0% ] [90m[1mupdate_scripts_classes[22m | Started 註冊全域類別中... (4 steps)[39m[0m
[   0% ] [90m[1mupdate_scripts_classes[22m | DialogueData[39m[0m
[  20% ] [90m[1mupdate_scripts_classes[22m | [39m[0m
[  40% ] [90m[1mupdate_scripts_classes[22m | [39m[0m
[  60% ] [90m[1mupdate_scripts_classes[22m | [39m[0m
[92m[ DONE ][39m [1mupdate_scripts_classes[22m
[0m
[   0% ] [90m[1msavepack[22m | Started 打包中 (102 steps)[39m[0m
[   1% ] [90m[1msavepack[22m | 儲存檔案：res://assets/audio/bgm/manifest.json[39m[0m
[   1% ] [90m[1msavepack[22m | 儲存檔案：res://.godot/imported/night_club_chill_100bpm.ogg-3eec2c2bc548d67cd642b0a13eb6c12d.oggvorbisstr[39m[0m
[   1% ] [90m[1msavepack[22m | 儲存檔案：res://assets/audio/bgm/night_club_chill_100bpm.ogg.import[39m[0m
[   2% ] [90m[1msavepack[22m | 儲存檔案：res://.godot/imported/strange_experiments_80bpm.ogg-511a4f926e34f06e48164eab7ec0f0aa.oggvorbisstr[39m[0m
[   2% ] [90m[1msavepack[22m | 儲存檔案：res://assets/audio/bgm/strange_experiments_80bpm.ogg.import[39m[0m
[   2% ] [90m[1msavepack[22m | 儲存檔案：res://.godot/imported/welcome_mix_110bpm.ogg-b4054db13cd7ae13869103dac928a2bc.oggvorbisstr[39m[0m
[   2% ] [90m[1msavepack[22m | 儲存檔案：res://assets/audio/bgm/welcome_mix_110bpm.ogg.import[39m[0m
[   3% ] [90m[1msavepack[22m | 儲存檔案：res://assets/shaders/neon_glow.gdshader[39m[0m
[   3% ] [90m[1msavepack[22m | 儲存檔案：res://assets/shaders/rain.gdshader[39m[0m
[   4% ] [90m[1msavepack[22m | 儲存檔案：res://assets/shaders/scanline.gdshader[39m[0m
[   4% ] [90m[1msavepack[22m | 儲存檔案：res://assets/shaders/vignette.gdshader[39m[0m
[   5% ] [90m[1msavepack[22m | 儲存檔案：res://.godot/imported/cg_ch1_dr_chen_warning.png-c4262125156ac32dde24ef56664fb5aa.ctex[39m[0m
[   5% ] [90m[1msavepack[22m | 儲存檔案：res://assets/sprites/cg/cg_ch1_dr_chen_warning.png.import[39m[0m
[   5% ] [90m[1msavepack[22m | 儲存檔案：res://.godot/imported/cg_ch1_police_report_rejection.png-d49bce546a4a26ae1ee0323d58317642.ctex[39m[0m
[   5% ] [90m[1msavepack[22m | 儲存檔案：res://assets/sprites/cg/cg_ch1_police_report_rejection.png.import[39m[0m
[   6% ] [90m[1msavepack[22m | 儲存檔案：res://.godot/imported/cg_ch1_snake_trade_choice.png-26427dfa9d3cf03a3ce5c051379760bc.ctex[39m[0m
[   6% ] [90m[1msavepack[22m | 儲存檔案：res://assets/sprites/cg/cg_ch1_snake_trade_choice.png.import[39m[0m
[   6% ] [90m[1msavepack[22m | 儲存檔案：res://.godot/imported/cg_ch1_street_camera_gap.png-0d79f6fa4d65c4188aaebbf206dc943c.ctex[39m[0m
[   6% ] [90m[1msavepack[22m | 儲存檔案：res://assets/sprites/cg/cg_ch1_street_camera_gap.png.import[39m[0m
[   7% ] [90m[1msavepack[22m | 儲存檔案：res://.godot/imported/cg_ch1_three_evidence_inference.png-933aea5ff06d6b8b073a76dbf197735b.ctex[39m[0m
[   7% ] [90m[1msavepack[22m | 儲存檔案：res://assets/sprites/cg/cg_ch1_three_evidence_inference.png.import[39m[0m
[   7% ] [90m[1msavepack[22m | 儲存檔案：res://.godot/imported/cg_family_memory_clip.png-229d587d725196cbf6b19a8acc13668b.ctex[39m[0m
[   7% ] [90m[1msavepack[22m | 儲存檔案：res://assets/sprites/cg/cg_family_memory_clip.png.import[39m[0m
[   8% ] [90m[1msavepack[22m | 儲存檔案：res://.godot/imported/cg_hao_ran_encrypted_message.png-8505ec0a7d5a64255554b814b3579f79.ctex[39m[0m
[   8% ] [90m[1msavepack[22m | 儲存檔案：res://assets/sprites/cg/cg_hao_ran_encrypted_message.png.import[39m[0m
[   8% ] [90m[1msavepack[22m | 儲存檔案：res://.godot/imported/cg_kai_eye_glitch.png-6b2c9b5b2834c5c03295531c03d2b1ba.ctex[39m[0m
[   8% ] [90m[1msavepack[22m | 儲存檔案：res://assets/sprites/cg/cg_kai_eye_glitch.png.import[39m[0m
[   9% ] [90m[1msavepack[22m | 儲存檔案：res://.godot/imported/cg_kai_office_prologue.png-269bb9221dffca359d4096a541579672.ctex[39m[0m
[   9% ] [90m[1msavepack[22m | 儲存檔案：res://assets/sprites/cg/cg_kai_office_prologue.png.import[39m[0m
[   9% ] [90m[1msavepack[22m | 儲存檔案：res://.godot/imported/cg_mei_ling_apartment_memory_trace.png-2e83c1f602034a79c76a1c28c71d2c54.ctex[39m[0m
[   9% ] [90m[1msavepack[22m | 儲存檔案：res://assets/sprites/cg/cg_mei_ling_apartment_memory_trace.png.import[39m[0m
[  10% ] [90m[1msavepack[22m | 儲存檔案：res://.godot/imported/cg_public_evidence_handover.png-ffa18c7896b2aeafdf042839804373fd.ctex[39m[0m
[  10% ] [90m[1msavepack[22m | 儲存檔案：res://assets/sprites/cg/cg_public_evidence_handover.png.import[39m[0m
[  10% ] [90m[1msavepack[22m | 儲存檔案：res://.godot/imported/eagle_eye_activation_cutin_ch1.png-eee3fc240192429451cdda36f61d0d20.ctex[39m[0m
[  10% ] [90m[1msavepack[22m | 儲存檔案：res://assets/sprites/cg/eagle_eye_activation_cutin_ch1.png.import[39m[0m
[  11% ] [90m[1msavepack[22m | 儲存檔案：res://.godot/imported/ajie_angry.png-66aa677036aa515ec33850b8a40b80ba.ctex[39m[0m
[  11% ] [90m[1msavepack[22m | 儲存檔案：res://assets/sprites/characters/ajie_angry.png.import[39m[0m
[  11% ] [90m[1msavepack[22m | 儲存檔案：res://.godot/imported/ajie_cooperative.png-a2644d7a8efd106ddc8477b446d8b730.ctex[39m[0m
[  11% ] [90m[1msavepack[22m | 儲存檔案：res://assets/sprites/characters/ajie_cooperative.png.import[39m[0m
[  12% ] [90m[1msavepack[22m | 儲存檔案：res://.godot/imported/ajie_default.png-d520230e4a11fde07bcf8b812e985bb5.ctex[39m[0m
[  12% ] [90m[1msavepack[22m | 儲存檔案：res://assets/sprites/characters/ajie_default.png.import[39m[0m
[  12% ] [90m[1msavepack[22m | 儲存檔案：res://.godot/imported/ajie_nervous.png-c588ec07ac331b644917471caca43c03.ctex[39m[0m
[  12% ] [90m[1msavepack[22m | 儲存檔案：res://assets/sprites/characters/ajie_nervous.png.import[39m[0m
[  13% ] [90m[1msavepack[22m | 儲存檔案：res://.godot/imported/ajie_suspicious.png-0ec07d493da56d3ea6827f4e25af29db.ctex[39m[0m
[  13% ] [90m[1msavepack[22m | 儲存檔案：res://assets/sprites/characters/ajie_suspicious.png.import[39m[0m
[  13% ] [90m[1msavepack[22m | 儲存檔案：res://.godot/imported/dr_chen_default.png-f8490fc54611e292a38f5fa5250f00d0.ctex[39m[0m
[  13% ] [90m[1msavepack[22m | 儲存檔案：res://assets/sprites/characters/dr_chen_default.png.import[39m[0m
[  14% ] [90m[1msavepack[22m | 儲存檔案：res://.godot/imported/dr_chen_frightened.png-933e8328db3d00a7efb92f5f74384a42.ctex[39m[0m
[  14% ] [90m[1msavepack[22m | 儲存檔案：res://assets/sprites/characters/dr_chen_frightened.png.import[39m[0m
[  14% ] [90m[1msavepack[22m | 儲存檔案：res://.godot/imported/dr_chen_nervous.png-a266d4f92f94342b9b9a8cb1aa22358d.ctex[39m[0m
[  14% ] [90m[1msavepack[22m | 儲存檔案：res://assets/sprites/characters/dr_chen_nervous.png.import[39m[0m
[  15% ] [90m[1msavepack[22m | 儲存檔案：res://.godot/imported/dr_chen_relieved.png-49600269fde90fda6f21cb248684821f.ctex[39m[0m
[  15% ] [90m[1msavepack[22m | 儲存檔案：res://assets/sprites/characters/dr_chen_relieved.png.import[39m[0m
[  15% ] [90m[1msavepack[22m | 儲存檔案：res://.godot/imported/dr_xiao_amused.png-b8a877f33d5a7127f8db25360be81ade.ctex[39m[0m
[  15% ] [90m[1msavepack[22m | 儲存檔案：res://assets/sprites/characters/dr_xiao_amused.png.import[39m[0m
[  16% ] [90m[1msavepack[22m | 儲存檔案：res://.godot/imported/dr_xiao_calm.png-7e2a79dd07af8e9381607061069d8dce.ctex[39m[0m
[  16% ] [90m[1msavepack[22m | 儲存檔案：res://assets/sprites/characters/dr_xiao_calm.png.import[39m[0m
[  16% ] [90m[1msavepack[22m | 儲存檔案：res://.godot/imported/dr_xiao_cracking.png-08cda78b790c89ec222959abd2c5639a.ctex[39m[0m
[  16% ] [90m[1msavepack[22m | 儲存檔案：res://assets/sprites/characters/dr_xiao_cracking.png.import[39m[0m
[  17% ] [90m[1msavepack[22m | 儲存檔案：res://.godot/imported/dr_xiao_default.png-f108dd57aa5888eba3b4676d0599c2ed.ctex[39m[0m
[  17% ] [90m[1msavepack[22m | 儲存檔案：res://assets/sprites/characters/dr_xiao_default.png.import[39m[0m
[  18% ] [90m[1msavepack[22m | 儲存檔案：res://.godot/imported/dr_xiao_intense.png-26f0733ad8fdf64347f5d01a7e496e95.ctex[39m[0m
[  18% ] [90m[1msavepack[22m | 儲存檔案：res://assets/sprites/characters/dr_xiao_intense.png.import[39m[0m
[  18% ] [90m[1msavepack[22m | 儲存檔案：res://.godot/imported/dr_xiao_philosophical.png-c94a8d46b90768b2d0dffdb98678f2f2.ctex[39m[0m
[  18% ] [90m[1msavepack[22m | 儲存檔案：res://assets/sprites/characters/dr_xiao_philosophical.png.import[39m[0m
[  19% ] [90m[1msavepack[22m | 儲存檔案：res://.godot/imported/echo_ai_default.png-bfd852cb6b40407b375e4d3e842ca740.ctex[39m[0m
[  19% ] [90m[1msavepack[22m | 儲存檔案：res://assets/sprites/characters/echo_ai_default.png.import[39m[0m
[  19% ] [90m[1msavepack[22m | 儲存檔案：res://.godot/imported/ghost_cautious.png-5dd04b681443d05d2ed5297c2bad007c.ctex[39m[0m
[  19% ] [90m[1msavepack[22m | 儲存檔案：res://assets/sprites/characters/ghost_cautious.png.import[39m[0m
[  20% ] [90m[1msavepack[22m | 儲存檔案：res://.godot/imported/ghost_default.png-0b1e45c526800be517d792cc41fb4fc9.ctex[39m[0m
[  20% ] [90m[1msavepack[22m | 儲存檔案：res://assets/sprites/characters/ghost_default.png.import[39m[0m
[  20% ] [90m[1msavepack[22m | 儲存檔案：res://.godot/imported/ghost_hostile.png-1db0f10b47cbac266e295aa0e0dbaff1.ctex[39m[0m
[  20% ] [90m[1msavepack[22m | 儲存檔案：res://assets/sprites/characters/ghost_hostile.png.import[39m[0m
[  21% ] [90m[1msavepack[22m | 儲存檔案：res://.godot/imported/ghost_revealed.png-02d2a53e8cb3eab0d595a64c4f1328ef.ctex[39m[0m
[  21% ] [90m[1msavepack[22m | 儲存檔案：res://assets/sprites/characters/ghost_revealed.png.import[39m[0m
[  21% ] [90m[1msavepack[22m | 儲存檔案：res://.godot/imported/hao_ran_confused.png-a1b187e612804c0fc814e49b31033849.ctex[39m[0m
[  21% ] [90m[1msavepack[22m | 儲存檔案：res://assets/sprites/characters/hao_ran_confused.png.import[39m[0m
[  22% ] [90m[1msavepack[22m | 儲存檔案：res://.godot/imported/hao_ran_dazed.png-91f4d96c879bec5421eac6eebc410098.ctex[39m[0m
[  22% ] [90m[1msavepack[22m | 儲存檔案：res://assets/sprites/characters/hao_ran_dazed.png.import[39m[0m
[  22% ] [90m[1msavepack[22m | 儲存檔案：res://.godot/imported/hao_ran_default.png-847f868f338e81711e92624913ed2c52.ctex[39m[0m
[  22% ] [90m[1msavepack[22m | 儲存檔案：res://assets/sprites/characters/hao_ran_default.png.import[39m[0m
[  23% ] [90m[1msavepack[22m | 儲存檔案：res://.godot/imported/hao_ran_hopeful.png-aba036377eefe91bc9a888368f2203ad.ctex[39m[0m
[  23% ] [90m[1msavepack[22m | 儲存檔案：res://assets/sprites/characters/hao_ran_hopeful.png.import[39m[0m
[  23% ] [90m[1msavepack[22m | 儲存檔案：res://.godot/imported/kai_default.png-0bf872ed7f5f181e6634ead669aeca6b.ctex[39m[0m
[  23% ] [90m[1msavepack[22m | 儲存檔案：res://assets/sprites/characters/kai_default.png.import[39m[0m
[  24% ] [90m[1msavepack[22m | 儲存檔案：res://.godot/imported/kai_serious.png-f72276900d4c24ca7853ae9ced5ecfef.ctex[39m[0m
[  24% ] [90m[1msavepack[22m | 儲存檔案：res://assets/sprites/characters/kai_serious.png.import[39m[0m
[  24% ] [90m[1msavepack[22m | 儲存檔案：res://.godot/imported/kai_surprised.png-80b6c2a33b52377ba2c54757bf29fcc4.ctex[39m[0m
[  24% ] [90m[1msavepack[22m | 儲存檔案：res://assets/sprites/characters/kai_surprised.png.import[39m[0m
[  25% ] [90m[1msavepack[22m | 儲存檔案：res://.godot/imported/kai_thoughtful.png-661c915191678fa50557ac0de2c3362e.ctex[39m[0m
[  25% ] [90m[1msavepack[22m | 儲存檔案：res://assets/sprites/characters/kai_thoughtful.png.import[39m[0m
[  25% ] [90m[1msavepack[22m | 儲存檔案：res://.godot/imported/kid_angry.png-325fcefa9e2a5f81b6e7813cd4fbebf7.ctex[39m[0m
[  25% ] [90m[1msavepack[22m | 儲存檔案：res://assets/sprites/characters/kid_angry.png.import[39m[0m
[  26% ] [90m[1msavepack[22m | 儲存檔案：res://.godot/imported/kid_default.png-436f8617840befa7a34889624a31f3bc.ctex[39m[0m
[  26% ] [90m[1msavepack[22m | 儲存檔案：res://assets/sprites/characters/kid_default.png.import[39m[0m
[  26% ] [90m[1msavepack[22m | 儲存檔案：res://.godot/imported/kid_excited.png-0b0d636ebf9aceaeed46e34eb805c9d9.ctex[39m[0m
[  26% ] [90m[1msavepack[22m | 儲存檔案：res://assets/sprites/characters/kid_excited.png.import[39m[0m
[  27% ] [90m[1msavepack[22m | 儲存檔案：res://.godot/imported/kid_serious.png-c54bbb04c633c5ecb874e91920dc8721.ctex[39m[0m
[  27% ] [90m[1msavepack[22m | 儲存檔案：res://assets/sprites/characters/kid_serious.png.import[39m[0m
[  27% ] [90m[1msavepack[22m | 儲存檔案：res://.godot/imported/mask_merchant_default.png-43128b299cfd855d4d9d69c4daef717a.ctex[39m[0m
[  27% ] [90m[1msavepack[22m | 儲存檔案：res://assets/sprites/characters/mask_merchant_default.png.import[39m[0m
[  28% ] [90m[1msavepack[22m | 儲存檔案：res://.godot/imported/mask_merchant_interested.png-c0ba49766b94a9bb807b2840de7cc877.ctex[39m[0m
[  28% ] [90m[1msavepack[22m | 儲存檔案：res://assets/sprites/characters/mask_merchant_interested.png.import[39m[0m
[  28% ] [90m[1msavepack[22m | 儲存檔案：res://.godot/imported/mask_merchant_suspicious.png-7d4bb7bd0e6a29709de27e574fba1f2b.ctex[39m[0m
[  28% ] [90m[1msavepack[22m | 儲存檔案：res://assets/sprites/characters/mask_merchant_suspicious.png.import[39m[0m
[  29% ] [90m[1msavepack[22m | 儲存檔案：res://.godot/imported/mei_ling_default.png-d229a2386218f03f8c97e685a701c5e9.ctex[39m[0m
[  29% ] [90m[1msavepack[22m | 儲存檔案：res://assets/sprites/characters/mei_ling_default.png.import[39m[0m
[  29% ] [90m[1msavepack[22m | 儲存檔案：res://.godot/imported/mei_ling_frightened.png-326ee04fdfeb0d9d1f952fd2ce5a957a.ctex[39m[0m
[  29% ] [90m[1msavepack[22m | 儲存檔案：res://assets/sprites/characters/mei_ling_frightened.png.import[39m[0m
[  30% ] [90m[1msavepack[22m | 儲存檔案：res://.godot/imported/mei_ling_nervous.png-bb9eb575de46710d2f5c2a89cedd444a.ctex[39m[0m
[  30% ] [90m[1msavepack[22m | 儲存檔案：res://assets/sprites/characters/mei_ling_nervous.png.import[39m[0m
[  30% ] [90m[1msavepack[22m | 儲存檔案：res://.godot/imported/mei_ling_relieved.png-b15b2014b4addd6b90a85ca232bad4f5.ctex[39m[0m
[  30% ] [90m[1msavepack[22m | 儲存檔案：res://assets/sprites/characters/mei_ling_relieved.png.import[39m[0m
[  31% ] [90m[1msavepack[22m | 儲存檔案：res://.godot/imported/mei_ling_worried.png-0e7e72b5340bc982e86136a91dc33d38.ctex[39m[0m
[  31% ] [90m[1msavepack[22m | 儲存檔案：res://assets/sprites/characters/mei_ling_worried.png.import[39m[0m
[  31% ] [90m[1msavepack[22m | 儲存檔案：res://.godot/imported/snake_amused.png-8f0c829e191c16143f9054fb66093c6d.ctex[39m[0m
[  31% ] [90m[1msavepack[22m | 儲存檔案：res://assets/sprites/characters/snake_amused.png.import[39m[0m
[  32% ] [90m[1msavepack[22m | 儲存檔案：res://.godot/imported/snake_default.png-174ff41c61af1adb9af869364ab4336c.ctex[39m[0m
[  32% ] [90m[1msavepack[22m | 儲存檔案：res://assets/sprites/characters/snake_default.png.import[39m[0m
[  32% ] [90m[1msavepack[22m | 儲存檔案：res://.godot/imported/snake_serious.png-2fc519fe367f01d8ce7b6e13c443d923.ctex[39m[0m
[  32% ] [90m[1msavepack[22m | 儲存檔案：res://assets/sprites/characters/snake_serious.png.import[39m[0m
[  33% ] [90m[1msavepack[22m | 儲存檔案：res://.godot/imported/snake_threatening.png-dc2d7ec4c4dbb3a3dec0c03a60c86473.ctex[39m[0m
[  33% ] [90m[1msavepack[22m | 儲存檔案：res://assets/sprites/characters/snake_threatening.png.import[39m[0m
[  33% ] [90m[1msavepack[22m | 儲存檔案：res://.godot/imported/zhao_ming_conflicted.png-228c46e9f0612413fd0a68e365c89d03.ctex[39m[0m
[  33% ] [90m[1msavepack[22m | 儲存檔案：res://assets/sprites/characters/zhao_ming_conflicted.png.import[39m[0m
[  33% ] [90m[1msavepack[22m | 儲存檔案：res://.godot/imported/zhao_ming_default.png-2ebe0ff4a16957601192fb125978fb89.ctex[39m[0m
[  33% ] [90m[1msavepack[22m | 儲存檔案：res://assets/sprites/characters/zhao_ming_default.png.import[39m[0m
[  34% ] [90m[1msavepack[22m | 儲存檔案：res://.godot/imported/zhao_ming_determined.png-ddbb97ac275c2260dcc8a2dd3e4b4a1c.ctex[39m[0m
[  34% ] [90m[1msavepack[22m | 儲存檔案：res://assets/sprites/characters/zhao_ming_determined.png.import[39m[0m
[  34% ] [90m[1msavepack[22m | 儲存檔案：res://.godot/imported/zhao_ming_nervous.png-fcd559e2a317dd7c13b9f84d4069f519.ctex[39m[0m
[  34% ] [90m[1msavepack[22m | 儲存檔案：res://assets/sprites/characters/zhao_ming_nervous.png.import[39m[0m
[  35% ] [90m[1msavepack[22m | 儲存檔案：res://.godot/imported/zhao_ming_sad.png-4b3a440028558bdc47cc1c8896ecdce0.ctex[39m[0m
[  35% ] [90m[1msavepack[22m | 儲存檔案：res://assets/sprites/characters/zhao_ming_sad.png.import[39m[0m
[  35% ] [90m[1msavepack[22m | 儲存檔案：res://.godot/imported/zhao_ming_sincere.png-b0733bf0b2bd965d51d7bb0437b352ca.ctex[39m[0m
[  35% ] [90m[1msavepack[22m | 儲存檔案：res://assets/sprites/characters/zhao_ming_sincere.png.import[39m[0m
[  36% ] [90m[1msavepack[22m | 儲存檔案：res://.godot/imported/abyss_surveillance_delay_log.png-2831ea2fc0e9492f4aa5a214d5931d17.ctex[39m[0m
[  36% ] [90m[1msavepack[22m | 儲存檔案：res://assets/sprites/items/abyss_surveillance_delay_log.png.import[39m[0m
[  36% ] [90m[1msavepack[22m | 儲存檔案：res://.godot/imported/ai_log.png-f3ebda12f9f322e5b9f77febed48f0dd.ctex[39m[0m
[  36% ] [90m[1msavepack[22m | 儲存檔案：res://assets/sprites/items/ai_log.png.import[39m[0m
[  37% ] [90m[1msavepack[22m | 儲存檔案：res://.godot/imported/auction_dispatch_seal.png-0aa919f21bfc52a7cd35c00fdc63a07d.ctex[39m[0m
[  37% ] [90m[1msavepack[22m | 儲存檔案：res://assets/sprites/items/auction_dispatch_seal.png.import[39m[0m
[  37% ] [90m[1msavepack[22m | 儲存檔案：res://.godot/imported/authorization.png-f69e5bae9dd5c286405a01d0d46e489f.ctex[39m[0m
[  37% ] [90m[1msavepack[22m | 儲存檔案：res://assets/sprites/items/authorization.png.import[39m[0m
[  38% ] [90m[1msavepack[22m | 儲存檔案：res://.godot/imported/black_market_entry_hint.png-a0008dc58a1df82f4c8316c3c63226b3.ctex[39m[0m
[  38% ] [90m[1msavepack[22m | 儲存檔案：res://assets/sprites/items/black_market_entry_hint.png.import[39m[0m
[  38% ] [90m[1msavepack[22m | 儲存檔案：res://.godot/imported/broken_memory_player.png-d081beff5d4f461985a87b186e9be078.ctex[39m[0m
[  38% ] [90m[1msavepack[22m | 儲存檔案：res://assets/sprites/items/broken_memory_player.png.import[39m[0m
[  39% ] [90m[1msavepack[22m | 儲存檔案：res://.godot/imported/clinic_anonymous_case_note.png-359a4dcba47fb1aa5c38910c8eaeb4b5.ctex[39m[0m
[  39% ] [90m[1msavepack[22m | 儲存檔案：res://assets/sprites/items/clinic_anonymous_case_note.png.import[39m[0m
[  39% ] [90m[1msavepack[22m | 儲存檔案：res://.godot/imported/clinic_eye_warning_log.png-7feed7bd691390f85dac0042bb7a34f9.ctex[39m[0m
[  39% ] [90m[1msavepack[22m | 儲存檔案：res://assets/sprites/items/clinic_eye_warning_log.png.import[39m[0m
[  40% ] [90m[1msavepack[22m | 儲存檔案：res://.godot/imported/commission_letter.png-fd6823143bd8745f08baa07d042f4859.ctex[39m[0m
[  40% ] [90m[1msavepack[22m | 儲存檔案：res://assets/sprites/items/commission_letter.png.import[39m[0m
[  40% ] [90m[1msavepack[22m | 儲存檔案：res://.godot/imported/comms.png-417a12f7ebe7f5518adcf2f73353d155.ctex[39m[0m
[  40% ] [90m[1msavepack[22m | 儲存檔案：res://assets/sprites/items/comms.png.import[39m[0m
[  41% ] [90m[1msavepack[22m | 儲存檔案：res://.godot/imported/data_chip.png-600416b142ccc1e4ebb948d548ddb641.ctex[39m[0m
[  41% ] [90m[1msavepack[22m | 儲存檔案：res://assets/sprites/items/data_chip.png.import[39m[0m
[  41% ] [90m[1msavepack[22m | 儲存檔案：res://.godot/imported/diary.png-f6cb9ff2d0e283d9b445f141dab37dd7.ctex[39m[0m
[  41% ] [90m[1msavepack[22m | 儲存檔案：res://assets/sprites/items/diary.png.import[39m[0m
[  42% ] [90m[1msavepack[22m | 儲存檔案：res://.godot/imported/eleven_pm_call_log.png-2a76e8fc6ec38cdb29212f9cc1f06447.ctex[39m[0m
[  42% ] [90m[1msavepack[22m | 儲存檔案：res://assets/sprites/items/eleven_pm_call_log.png.import[39m[0m
[  42% ] [90m[1msavepack[22m | 儲存檔案：res://.godot/imported/family_memory_clip.png-bd0ca468546a55d251506927196e4db5.ctex[39m[0m
[  42% ] [90m[1msavepack[22m | 儲存檔案：res://assets/sprites/items/family_memory_clip.png.import[39m[0m
[  43% ] [90m[1msavepack[22m | 儲存檔案：res://.godot/imported/frequency.png-435dad54d3d75ea832d064c8210a4a37.ctex[39m[0m
[  43% ] [90m[1msavepack[22m | 儲存檔案：res://assets/sprites/items/frequency.png.import[39m[0m
[  43% ] [90m[1msavepack[22m | 儲存檔案：res://.godot/imported/funding.png-57f5acea663647326a1ee4624266d9fb.ctex[39m[0m
[  43% ] [90m[1msavepack[22m | 儲存檔案：res://assets/sprites/items/funding.png.import[39m[0m
[  44% ] [90m[1msavepack[22m | 儲存檔案：res://.godot/imported/ghost_identity_trace.png-0b01d857979874eeac6962c00971d612.ctex[39m[0m
[  44% ] [90m[1msavepack[22m | 儲存檔案：res://assets/sprites/items/ghost_identity_trace.png.import[39m[0m
[  44% ] [90m[1msavepack[22m | 儲存檔案：res://.godot/imported/ghost_relay_token.png-53059f6dbf9d1c311b93192686dfa215.ctex[39m[0m
[  44% ] [90m[1msavepack[22m | 儲存檔案：res://assets/sprites/items/ghost_relay_token.png.import[39m[0m
[  45% ] [90m[1msavepack[22m | 儲存檔案：res://.godot/imported/hao_ran_drawer_note.png-51fe479f273f77623ca152f50fcefaf5.ctex[39m[0m
[  45% ] [90m[1msavepack[22m | 儲存檔案：res://assets/sprites/items/hao_ran_drawer_note.png.import[39m[0m
[  45% ] [90m[1msavepack[22m | 儲存檔案：res://.godot/imported/id_chip.png-04d83d431d69e376b638834598031240.ctex[39m[0m
[  45% ] [90m[1msavepack[22m | 儲存檔案：res://assets/sprites/items/id_chip.png.import[39m[0m
[  46% ] [90m[1msavepack[22m | 儲存檔案：res://.godot/imported/journal.png-66f1747aa6fe951e63c6ac2c5b716b76.ctex[39m[0m
[  46% ] [90m[1msavepack[22m | 儲存檔案：res://assets/sprites/items/journal.png.import[39m[0m
[  46% ] [90m[1msavepack[22m | 儲存檔案：res://.godot/imported/kai_eye_glitch_log.png-e8414f666f7527a779a838cf990f1023.ctex[39m[0m
[  46% ] [90m[1msavepack[22m | 儲存檔案：res://assets/sprites/items/kai_eye_glitch_log.png.import[39m[0m
[  47% ] [90m[1msavepack[22m | 儲存檔案：res://.godot/imported/key.png-6858577828dfd8ef634cfac391556214.ctex[39m[0m
[  47% ] [90m[1msavepack[22m | 儲存檔案：res://assets/sprites/items/key.png.import[39m[0m
[  47% ] [90m[1msavepack[22m | 儲存檔案：res://.godot/imported/keycard.png-6162146d1720a0e0fa268432773f72ee.ctex[39m[0m
[  47% ] [90m[1msavepack[22m | 儲存檔案：res://assets/sprites/items/keycard.png.import[39m[0m
[  48% ] [90m[1msavepack[22m | 儲存檔案：res://.godot/imported/ledger.png-8e75419a169d1908bd13c13439dd7d35.ctex[39m[0m
[  48% ] [90m[1msavepack[22m | 儲存檔案：res://assets/sprites/items/ledger.png.import[39m[0m
[  48% ] [90m[1msavepack[22m | 儲存檔案：res://.godot/imported/list.png-79d0bd019dd589c3919e0ebcadfafda5.ctex[39m[0m
[  48% ] [90m[1msavepack[22m | 儲存檔案：res://assets/sprites/items/list.png.import[39m[0m
[  49% ] [90m[1msavepack[22m | 儲存檔案：res://.godot/imported/log.png-efb252039a8332e13fced69ebcbfeaa6.ctex[39m[0m
[  49% ] [90m[1msavepack[22m | 儲存檔案：res://assets/sprites/items/log.png.import[39m[0m
[  50% ] [90m[1msavepack[22m | 儲存檔案：res://.godot/imported/map.png-b6293f7df065456d86aa0abf167a4ae0.ctex[39m[0m
[  50% ] [90m[1msavepack[22m | 儲存檔案：res://assets/sprites/items/map.png.import[39m[0m
[  50% ] [90m[1msavepack[22m | 儲存檔案：res://.godot/imported/masked_client_receipt.png-18ed40998674c55650a549f775217095.ctex[39m[0m
[  50% ] [90m[1msavepack[22m | 儲存檔案：res://assets/sprites/items/masked_client_receipt.png.import[39m[0m
[  51% ] [90m[1msavepack[22m | 儲存檔案：res://.godot/imported/memo.png-3e99cd21d5113c77bc8e1d77ba5eacae.ctex[39m[0m
[  51% ] [90m[1msavepack[22m | 儲存檔案：res://assets/sprites/items/memo.png.import[39m[0m
[  51% ] [90m[1msavepack[22m | 儲存檔案：res://.godot/imported/memory_capsule.png-77b8df1b5ea19b05f97ed1b843359461.ctex[39m[0m
[  51% ] [90m[1msavepack[22m | 儲存檔案：res://assets/sprites/items/memory_capsule.png.import[39m[0m
[  52% ] [90m[1msavepack[22m | 儲存檔案：res://.godot/imported/memory_fragment.png-3ff96c9204af3362d4d9c90a1bd7465a.ctex[39m[0m
[  52% ] [90m[1msavepack[22m | 儲存檔案：res://assets/sprites/items/memory_fragment.png.import[39m[0m
[  52% ] [90m[1msavepack[22m | 儲存檔案：res://.godot/imported/old_city_queue_ticket.png-c722f8c08c1b5b5452e031601a5f8f42.ctex[39m[0m
[  52% ] [90m[1msavepack[22m | 儲存檔案：res://assets/sprites/items/old_city_queue_ticket.png.import[39m[0m
[  53% ] [90m[1msavepack[22m | 儲存檔案：res://.godot/imported/original_backup_hint.png-7358892b2c568921ce4a7c826ee61aad.ctex[39m[0m
[  53% ] [90m[1msavepack[22m | 儲存檔案：res://assets/sprites/items/original_backup_hint.png.import[39m[0m
[  53% ] [90m[1msavepack[22m | 儲存檔案：res://.godot/imported/photo.png-0354a3fe441bf053ada870347c73116e.ctex[39m[0m
[  53% ] [90m[1msavepack[22m | 儲存檔案：res://assets/sprites/items/photo.png.import[39m[0m
[  54% ] [90m[1msavepack[22m | 儲存檔案：res://.godot/imported/profiles.png-829980c255b690023ffc16f8b0870392.ctex[39m[0m
[  54% ] [90m[1msavepack[22m | 儲存檔案：res://assets/sprites/items/profiles.png.import[39m[0m
[  54% ] [90m[1msavepack[22m | 儲存檔案：res://.godot/imported/receipt.png-70848a398e9bfffab67a9db5abd23cb5.ctex[39m[0m
[  54% ] [90m[1msavepack[22m | 儲存檔案：res://assets/sprites/items/receipt.png.import[39m[0m
[  55% ] [90m[1msavepack[22m | 儲存檔案：res://.godot/imported/recording.png-d7631911e09991eede2bc627deb29088.ctex[39m[0m
[  55% ] [90m[1msavepack[22m | 儲存檔案：res://assets/sprites/items/recording.png.import[39m[0m
[  55% ] [90m[1msavepack[22m | 儲存檔案：res://.godot/imported/referral_routing_stub.png-2a0080a031055e5fb426f53e74606a49.ctex[39m[0m
[  55% ] [90m[1msavepack[22m | 儲存檔案：res://assets/sprites/items/referral_routing_stub.png.import[39m[0m
[  56% ] [90m[1msavepack[22m | 儲存檔案：res://.godot/imported/rejected_missing_person_report.png-82a0371152d416e14fe29af558063692.ctex[39m[0m
[  56% ] [90m[1msavepack[22m | 儲存檔案：res://assets/sprites/items/rejected_missing_person_report.png.import[39m[0m
[  56% ] [90m[1msavepack[22m | 儲存檔案：res://.godot/imported/report.png-9016c1bda0c807ef98df2bb6320724f4.ctex[39m[0m
[  56% ] [90m[1msavepack[22m | 儲存檔案：res://assets/sprites/items/report.png.import[39m[0m
[  57% ] [90m[1msavepack[22m | 儲存檔案：res://.godot/imported/schedule.png-fe05d8b2248fd3b962cd810c073e213f.ctex[39m[0m
[  57% ] [90m[1msavepack[22m | 儲存檔案：res://assets/sprites/items/schedule.png.import[39m[0m
[  57% ] [90m[1msavepack[22m | 儲存檔案：res://.godot/imported/sos.png-426a30ab9890e4bfc4006316c38fae91.ctex[39m[0m
[  57% ] [90m[1msavepack[22m | 儲存檔案：res://assets/sprites/items/sos.png.import[39m[0m
[  58% ] [90m[1msavepack[22m | 儲存檔案：res://.godot/imported/street_camera_gap.png-2262989abc3aeec1cac2336398565c25.ctex[39m[0m
[  58% ] [90m[1msavepack[22m | 儲存檔案：res://assets/sprites/items/street_camera_gap.png.import[39m[0m
[  58% ] [90m[1msavepack[22m | 儲存檔案：res://.godot/imported/symbol.png-3581931cc8993d160df04d6d69141f39.ctex[39m[0m
[  58% ] [90m[1msavepack[22m | 儲存檔案：res://assets/sprites/items/symbol.png.import[39m[0m
[  59% ] [90m[1msavepack[22m | 儲存檔案：res://.godot/imported/work_id.png-072e5e74a1b8b8a29edf0ab49357b9a8.ctex[39m[0m
[  59% ] [90m[1msavepack[22m | 儲存檔案：res://assets/sprites/items/work_id.png.import[39m[0m
[  59% ] [90m[1msavepack[22m | 儲存檔案：res://.godot/imported/abandoned_warehouse.png-31f43e418b4a71241490ccf199dc3904.ctex[39m[0m
[  59% ] [90m[1msavepack[22m | 儲存檔案：res://assets/sprites/locations/abandoned_warehouse.png.import[39m[0m
[  60% ] [90m[1msavepack[22m | 儲存檔案：res://.godot/imported/abyss_bar.png-556752bd802cf0982e69f6ac05d0e419.ctex[39m[0m
[  60% ] [90m[1msavepack[22m | 儲存檔案：res://assets/sprites/locations/abyss_bar.png.import[39m[0m
[  60% ] [90m[1msavepack[22m | 儲存檔案：res://.godot/imported/abyss_bar_backroom.png-b051e226019b91c0fcb7e08b0830af0a.ctex[39m[0m
[  60% ] [90m[1msavepack[22m | 儲存檔案：res://assets/sprites/locations/abyss_bar_backroom.png.import[39m[0m
[  61% ] [90m[1msavepack[22m | 儲存檔案：res://.godot/imported/auction_handover_room.png-604cf95293ea91ebc46d56f0691cf674.ctex[39m[0m
[  61% ] [90m[1msavepack[22m | 儲存檔案：res://assets/sprites/locations/auction_handover_room.png.import[39m[0m
[  61% ] [90m[1msavepack[22m | 儲存檔案：res://.godot/imported/bitstorm_cafe.png-a708f6deb3a78ed98f176d02a9a58fe7.ctex[39m[0m
[  61% ] [90m[1msavepack[22m | 儲存檔案：res://assets/sprites/locations/bitstorm_cafe.png.import[39m[0m
[  62% ] [90m[1msavepack[22m | 儲存檔案：res://.godot/imported/civic_archive.png-cb178074d100a53f26a378f359487af5.ctex[39m[0m
[  62% ] [90m[1msavepack[22m | 儲存檔案：res://assets/sprites/locations/civic_archive.png.import[39m[0m
[  62% ] [90m[1msavepack[22m | 儲存檔案：res://.godot/imported/detective_office.png-4a4771db021f616f2b17eeb058018e34.ctex[39m[0m
[  62% ] [90m[1msavepack[22m | 儲存檔案：res://assets/sprites/locations/detective_office.png.import[39m[0m
[  63% ] [90m[1msavepack[22m | 儲存檔案：res://.godot/imported/dr_chen_clinic.png-5ff73cc104c3d8368ef8334b576ee1ac.ctex[39m[0m
[  63% ] [90m[1msavepack[22m | 儲存檔案：res://assets/sprites/locations/dr_chen_clinic.png.import[39m[0m
[  63% ] [90m[1msavepack[22m | 儲存檔案：res://.godot/imported/east_district_street.png-8a313297070d304e7e228b06b3511427.ctex[39m[0m
[  63% ] [90m[1msavepack[22m | 儲存檔案：res://assets/sprites/locations/east_district_street.png.import[39m[0m
[  64% ] [90m[1msavepack[22m | 儲存檔案：res://.godot/imported/east_district_street_camera_gap_variant.png-d1764154af151a31c4827f243757ad66.ctex[39m[0m
[  64% ] [90m[1msavepack[22m | 儲存檔案：res://assets/sprites/locations/east_district_street_camera_gap_variant.png.import[39m[0m
[  64% ] [90m[1msavepack[22m | 儲存檔案：res://.godot/imported/echo_network_hq.png-c4d5146f0a7c3cef3b94feec3aece195.ctex[39m[0m
[  64% ] [90m[1msavepack[22m | 儲存檔案：res://assets/sprites/locations/echo_network_hq.png.import[39m[0m
[  65% ] [90m[1msavepack[22m | 儲存檔案：res://.godot/imported/hao_ran_workshop.png-6c23b259ed82bb8d68b39211f46b0a75.ctex[39m[0m
[  65% ] [90m[1msavepack[22m | 儲存檔案：res://assets/sprites/locations/hao_ran_workshop.png.import[39m[0m
[  65% ] [90m[1msavepack[22m | 儲存檔案：res://.godot/imported/hao_ran_workshop_three_evidence_variant.png-046cd937f6b443e0819de305d3084d99.ctex[39m[0m
[  65% ] [90m[1msavepack[22m | 儲存檔案：res://assets/sprites/locations/hao_ran_workshop_three_evidence_variant.png.import[39m[0m
[  66% ] [90m[1msavepack[22m | 儲存檔案：res://.godot/imported/mei_ling_apartment.png-d383ee7324882d9bdc762bc16b132304.ctex[39m[0m
[  66% ] [90m[1msavepack[22m | 儲存檔案：res://assets/sprites/locations/mei_ling_apartment.png.import[39m[0m
[  66% ] [90m[1msavepack[22m | 儲存檔案：res://.godot/imported/mei_ling_apartment_eye_scan_variant.png-6eff67271b48d7fa9930b953be8403af.ctex[39m[0m
[  66% ] [90m[1msavepack[22m | 儲存檔案：res://assets/sprites/locations/mei_ling_apartment_eye_scan_variant.png.import[39m[0m
[  66% ] [90m[1msavepack[22m | 儲存檔案：res://.godot/imported/mei_ling_apartment_family_memory_variant.png-67ac62665c9858d3598acd7d0a3e5447.ctex[39m[0m
[  66% ] [90m[1msavepack[22m | 儲存檔案：res://assets/sprites/locations/mei_ling_apartment_family_memory_variant.png.import[39m[0m
[  67% ] [90m[1msavepack[22m | 儲存檔案：res://.godot/imported/mei_ling_apartment_memory_trace.png-5ef682803a4f1e9fadc2f9dbc0e10ed0.ctex[39m[0m
[  67% ] [90m[1msavepack[22m | 儲存檔案：res://assets/sprites/locations/mei_ling_apartment_memory_trace.png.import[39m[0m
[  67% ] [90m[1msavepack[22m | 儲存檔案：res://.godot/imported/memory_black_market.png-f4fdd2fd9b255df867e31122c701430f.ctex[39m[0m
[  67% ] [90m[1msavepack[22m | 儲存檔案：res://assets/sprites/locations/memory_black_market.png.import[39m[0m
[  68% ] [90m[1msavepack[22m | 儲存檔案：res://.godot/imported/memory_space.png-0f0f4293778c10a87afedd4a9f08b4dd.ctex[39m[0m
[  68% ] [90m[1msavepack[22m | 儲存檔案：res://assets/sprites/locations/memory_space.png.import[39m[0m
[  68% ] [90m[1msavepack[22m | 儲存檔案：res://.godot/imported/office_epilogue.png-ec10f657db912a5230d24595ade92923.ctex[39m[0m
[  68% ] [90m[1msavepack[22m | 儲存檔案：res://assets/sprites/locations/office_epilogue.png.import[39m[0m
[  69% ] [90m[1msavepack[22m | 儲存檔案：res://.godot/imported/old_city_police_outpost.png-851f068e8de0e81d0c056cb546b80a38.ctex[39m[0m
[  69% ] [90m[1msavepack[22m | 儲存檔案：res://assets/sprites/locations/old_city_police_outpost.png.import[39m[0m
[  69% ] [90m[1msavepack[22m | 儲存檔案：res://.godot/imported/recovery_annex.png-67302de5bc390a2be32a20232bd4af6d.ctex[39m[0m
[  69% ] [90m[1msavepack[22m | 儲存檔案：res://assets/sprites/locations/recovery_annex.png.import[39m[0m
[  70% ] [90m[1msavepack[22m | 儲存檔案：res://.godot/imported/referral_waiting_station.png-67813d0bcd7c1795d1bbe9bbcfe23765.ctex[39m[0m
[  70% ] [90m[1msavepack[22m | 儲存檔案：res://assets/sprites/locations/referral_waiting_station.png.import[39m[0m
[  70% ] [90m[1msavepack[22m | 儲存檔案：res://.godot/imported/rooftop.png-4dbc242e65d6cc2bba27635c190a4fe5.ctex[39m[0m
[  70% ] [90m[1msavepack[22m | 儲存檔案：res://assets/sprites/locations/rooftop.png.import[39m[0m
[  71% ] [90m[1msavepack[22m | 儲存檔案：res://.godot/imported/secret_lab.png-34f1d53f8f212d7aaa3dee1ed1a88e68.ctex[39m[0m
[  71% ] [90m[1msavepack[22m | 儲存檔案：res://assets/sprites/locations/secret_lab.png.import[39m[0m
[  71% ] [90m[1msavepack[22m | 儲存檔案：res://.godot/imported/sewer_passage.png-bd4e25f79b7ccd783dd6a1843099f05d.ctex[39m[0m
[  71% ] [90m[1msavepack[22m | 儲存檔案：res://assets/sprites/locations/sewer_passage.png.import[39m[0m
[  72% ] [90m[1msavepack[22m | 儲存檔案：res://.godot/imported/zhengtek_exterior.png-a72b5fd41594e92d1a2831e56632d9f5.ctex[39m[0m
[  72% ] [90m[1msavepack[22m | 儲存檔案：res://assets/sprites/locations/zhengtek_exterior.png.import[39m[0m
[  72% ] [90m[1msavepack[22m | 儲存檔案：res://.godot/imported/dialogue_panel.png-534807211c34b5677db65f62533b8172.ctex[39m[0m
[  72% ] [90m[1msavepack[22m | 儲存檔案：res://assets/sprites/ui/dialogue_panel.png.import[39m[0m
[  73% ] [90m[1msavepack[22m | 儲存檔案：res://.godot/imported/eagle_eye_focus_reticle_ch1.png-601ccfa848a9138a0ced543858102884.ctex[39m[0m
[  73% ] [90m[1msavepack[22m | 儲存檔案：res://assets/sprites/ui/eagle_eye_focus_reticle_ch1.png.import[39m[0m
[  73% ] [90m[1msavepack[22m | 儲存檔案：res://.godot/imported/eagle_eye_glitch_noise_ch1.png-298bf92ad58478e4884f766512d037bb.ctex[39m[0m
[  73% ] [90m[1msavepack[22m | 儲存檔案：res://assets/sprites/ui/eagle_eye_glitch_noise_ch1.png.import[39m[0m
[  74% ] [90m[1msavepack[22m | 儲存檔案：res://.godot/imported/eagle_eye_scan_overlay_ch1.png-8751e6bab4546182da339d1d74888e2a.ctex[39m[0m
[  74% ] [90m[1msavepack[22m | 儲存檔案：res://assets/sprites/ui/eagle_eye_scan_overlay_ch1.png.import[39m[0m
[  74% ] [90m[1msavepack[22m | 儲存檔案：res://.godot/imported/energy_hud_frame.png-a6ac1d7c8c877c8ebf187b250ba309e2.ctex[39m[0m
[  74% ] [90m[1msavepack[22m | 儲存檔案：res://assets/sprites/ui/energy_hud_frame.png.import[39m[0m
[  75% ] [90m[1msavepack[22m | 儲存檔案：res://.godot/imported/evidence_card.png-d589b776411b698d0eca196778cbca70.ctex[39m[0m
[  75% ] [90m[1msavepack[22m | 儲存檔案：res://assets/sprites/ui/evidence_card.png.import[39m[0m
[  75% ] [90m[1msavepack[22m | 儲存檔案：res://.godot/imported/main_menu_background.png-0c9f771f74b0b868ca26fbc3e3408bae.ctex[39m[0m
[  75% ] [90m[1msavepack[22m | 儲存檔案：res://assets/sprites/ui/main_menu_background.png.import[39m[0m
[  76% ] [90m[1msavepack[22m | 儲存檔案：res://.godot/imported/popup_panel.png-3a905a1c96b7a27762629759d67497d1.ctex[39m[0m
[  76% ] [90m[1msavepack[22m | 儲存檔案：res://assets/sprites/ui/popup_panel.png.import[39m[0m
[  76% ] [90m[1msavepack[22m | 儲存檔案：res://.godot/imported/toolbar_buttons.png-d8ab6753bc5d5d8129502f274b5ff184.ctex[39m[0m
[  76% ] [90m[1msavepack[22m | 儲存檔案：res://assets/sprites/ui/toolbar_buttons.png.import[39m[0m
[  77% ] [90m[1msavepack[22m | 儲存檔案：res://assets/asset_manifest.json[39m[0m
[  77% ] [90m[1msavepack[22m | 儲存檔案：res://.godot/exported/133200997/export-78933dccc5ca9c526866d7ad636166c3-abyss_bar.scn[39m[0m
[  78% ] [90m[1msavepack[22m | 儲存檔案：res://.godot/exported/133200997/export-6dc092624816fc29600e20dbc572080a-abyss_bar_backroom.scn[39m[0m
[  78% ] [90m[1msavepack[22m | 儲存檔案：res://.godot/exported/133200997/export-cd96e11296b9336a6fa770d5cd8345d0-detective_office.scn[39m[0m
[  79% ] [90m[1msavepack[22m | 儲存檔案：res://.godot/exported/133200997/export-1a8a0ad27292815743444d579c5b92a1-dr_chen_clinic.scn[39m[0m
[  79% ] [90m[1msavepack[22m | 儲存檔案：res://.godot/exported/133200997/export-09481d6c2fb03c014260352a5cffb5e7-east_district_street.scn[39m[0m
[  80% ] [90m[1msavepack[22m | 儲存檔案：res://.godot/exported/133200997/export-d2002a16e8b81e5988a7d376f2b9632a-hao_ran_workshop.scn[39m[0m
[  80% ] [90m[1msavepack[22m | 儲存檔案：res://.godot/exported/133200997/export-14d6d5d0fef3353d465883d8ef1c51fa-mei_ling_apartment.scn[39m[0m
[  81% ] [90m[1msavepack[22m | 儲存檔案：res://.godot/exported/133200997/export-649266944a6c0330f06e23832cac1425-old_city_police_outpost.scn[39m[0m
[  81% ] [90m[1msavepack[22m | 儲存檔案：res://.godot/exported/133200997/export-c3761affcbd2d622e80dcb5f82107aa6-abandoned_warehouse.scn[39m[0m
[  82% ] [90m[1msavepack[22m | 儲存檔案：res://.godot/exported/133200997/export-5bdb532fb00a1e61010a28de79e0bef8-auction_handover_room.scn[39m[0m
[  83% ] [90m[1msavepack[22m | 儲存檔案：res://.godot/exported/133200997/export-8aeb998f417ca162415413c867f4a90f-bitstorm_cafe.scn[39m[0m
[  83% ] [90m[1msavepack[22m | 儲存檔案：res://.godot/exported/133200997/export-e6bb0271570dee101ae3857d1cd5a38c-civic_archive.scn[39m[0m
[  84% ] [90m[1msavepack[22m | 儲存檔案：res://.godot/exported/133200997/export-67f39c3d8bb4ff86febef45d761eec70-memory_black_market.scn[39m[0m
[  84% ] [90m[1msavepack[22m | 儲存檔案：res://.godot/exported/133200997/export-ed331002967a3c47b97dca1a541c5f52-referral_waiting_station.scn[39m[0m
[  85% ] [90m[1msavepack[22m | 儲存檔案：res://.godot/exported/133200997/export-01e548eb9ca10b45a4f853713d3dd432-sewer_passage.scn[39m[0m
[  85% ] [90m[1msavepack[22m | 儲存檔案：res://.godot/exported/133200997/export-76455a53e6a364ed252ea844336c7f3c-zhengtek_exterior.scn[39m[0m
[  86% ] [90m[1msavepack[22m | 儲存檔案：res://.godot/exported/133200997/export-c842e56e7579daa4f285b5fcbb635c0a-echo_network_hq.scn[39m[0m
[  86% ] [90m[1msavepack[22m | 儲存檔案：res://.godot/exported/133200997/export-33c41c3a2d052ddcff41e5c1908ba079-memory_space.scn[39m[0m
[  87% ] [90m[1msavepack[22m | 儲存檔案：res://.godot/exported/133200997/export-a87756359a86ccdfc1e9780fb55dbf84-office_epilogue.scn[39m[0m
[  87% ] [90m[1msavepack[22m | 儲存檔案：res://.godot/exported/133200997/export-32b40c0bc7f58af9d991643423defac6-recovery_annex.scn[39m[0m
[  88% ] [90m[1msavepack[22m | 儲存檔案：res://.godot/exported/133200997/export-0032e3d1f41156a2d22a94f892469dfc-rooftop.scn[39m[0m
[  88% ] [90m[1msavepack[22m | 儲存檔案：res://.godot/exported/133200997/export-6b44a64ee81b7bf9a3c4451ad8f00cd7-secret_lab.scn[39m[0m
[  89% ] [90m[1msavepack[22m | 儲存檔案：res://.godot/exported/133200997/export-ea5c6ad4629af728dc514cefde332394-main_menu.scn[39m[0m
[  89% ] [90m[1msavepack[22m | 儲存檔案：res://scripts/core/audio_manager.gdc[39m[0m
[  90% ] [90m[1msavepack[22m | 儲存檔案：res://scripts/core/game_manager.gdc[39m[0m
[  90% ] [90m[1msavepack[22m | 儲存檔案：res://scripts/core/input_manager.gdc[39m[0m
[  91% ] [90m[1msavepack[22m | 儲存檔案：res://scripts/core/runtime_assets.gdc[39m[0m
[  91% ] [90m[1msavepack[22m | 儲存檔案：res://scripts/core/save_manager.gdc[39m[0m
[  92% ] [90m[1msavepack[22m | 儲存檔案：res://scripts/core/scene_manager.gdc[39m[0m
[  92% ] [90m[1msavepack[22m | 儲存檔案：res://scripts/data/case_data.gdc[39m[0m
[  93% ] [90m[1msavepack[22m | 儲存檔案：res://scripts/data/character_data.gdc[39m[0m
[  93% ] [90m[1msavepack[22m | 儲存檔案：res://scripts/data/dialogue_data.gdc[39m[0m
[  94% ] [90m[1msavepack[22m | 儲存檔案：res://scripts/data/evidence_data.gdc[39m[0m
[  94% ] [90m[1msavepack[22m | 儲存檔案：res://scripts/gameplay/augmented_vision.gdc[39m[0m
[  95% ] [90m[1msavepack[22m | 儲存檔案：res://scripts/gameplay/dialogue_system.gdc[39m[0m
[  95% ] [90m[1msavepack[22m | 儲存檔案：res://scripts/gameplay/evidence_board.gdc[39m[0m
[  96% ] [90m[1msavepack[22m | 儲存檔案：res://scripts/gameplay/hotspot.gdc[39m[0m
[  96% ] [90m[1msavepack[22m | 儲存檔案：res://scripts/ui/location_base.gdc[39m[0m
[  97% ] [90m[1msavepack[22m | 儲存檔案：res://scripts/ui/main_menu.gdc[39m[0m
[  97% ] [90m[1msavepack[22m | 儲存檔案：res://scripts/ui/segmented_energy_bar.gdc[39m[0m
[  98% ] [90m[1msavepack[22m | 儲存檔案：res://.godot/imported/icon.svg-218a8f2b3041327d8a5756f3a245f83b.ctex[39m[0m
[  98% ] [90m[1msavepack[22m | 儲存檔案：res://icon.svg.import[39m[0m
[  98% ] [90m[1msavepack[22m | 儲存檔案：res://scenes/locations/chapter1/abyss_bar.tscn.remap[39m[0m
[  98% ] [90m[1msavepack[22m | 儲存檔案：res://scenes/locations/chapter1/abyss_bar_backroom.tscn.remap[39m[0m
[  98% ] [90m[1msavepack[22m | 儲存檔案：res://scenes/locations/chapter1/detective_office.tscn.remap[39m[0m
[  98% ] [90m[1msavepack[22m | 儲存檔案：res://scenes/locations/chapter1/dr_chen_clinic.tscn.remap[39m[0m
[  98% ] [90m[1msavepack[22m | 儲存檔案：res://scenes/locations/chapter1/east_district_street.tscn.remap[39m[0m
[  98% ] [90m[1msavepack[22m | 儲存檔案：res://scenes/locations/chapter1/hao_ran_workshop.tscn.remap[39m[0m
[  98% ] [90m[1msavepack[22m | 儲存檔案：res://scenes/locations/chapter1/mei_ling_apartment.tscn.remap[39m[0m
[  98% ] [90m[1msavepack[22m | 儲存檔案：res://scenes/locations/chapter1/old_city_police_outpost.tscn.remap[39m[0m
[  98% ] [90m[1msavepack[22m | 儲存檔案：res://scenes/locations/chapter2/abandoned_warehouse.tscn.remap[39m[0m
[  98% ] [90m[1msavepack[22m | 儲存檔案：res://scenes/locations/chapter2/auction_handover_room.tscn.remap[39m[0m
[  98% ] [90m[1msavepack[22m | 儲存檔案：res://scenes/locations/chapter2/bitstorm_cafe.tscn.remap[39m[0m
[  98% ] [90m[1msavepack[22m | 儲存檔案：res://scenes/locations/chapter2/civic_archive.tscn.remap[39m[0m
[  98% ] [90m[1msavepack[22m | 儲存檔案：res://scenes/locations/chapter2/memory_black_market.tscn.remap[39m[0m
[  98% ] [90m[1msavepack[22m | 儲存檔案：res://scenes/locations/chapter2/referral_waiting_station.tscn.remap[39m[0m
[  98% ] [90m[1msavepack[22m | 儲存檔案：res://scenes/locations/chapter2/sewer_passage.tscn.remap[39m[0m
[  98% ] [90m[1msavepack[22m | 儲存檔案：res://scenes/locations/chapter2/zhengtek_exterior.tscn.remap[39m[0m
[  98% ] [90m[1msavepack[22m | 儲存檔案：res://scenes/locations/chapter3/echo_network_hq.tscn.remap[39m[0m
[  98% ] [90m[1msavepack[22m | 儲存檔案：res://scenes/locations/chapter3/memory_space.tscn.remap[39m[0m
[  98% ] [90m[1msavepack[22m | 儲存檔案：res://scenes/locations/chapter3/office_epilogue.tscn.remap[39m[0m
[  98% ] [90m[1msavepack[22m | 儲存檔案：res://scenes/locations/chapter3/recovery_annex.tscn.remap[39m[0m
[  98% ] [90m[1msavepack[22m | 儲存檔案：res://scenes/locations/chapter3/rooftop.tscn.remap[39m[0m
[  98% ] [90m[1msavepack[22m | 儲存檔案：res://scenes/locations/chapter3/secret_lab.tscn.remap[39m[0m
[  98% ] [90m[1msavepack[22m | 儲存檔案：res://scenes/main_menu.tscn.remap[39m[0m
[  98% ] [90m[1msavepack[22m | 儲存檔案：res://scripts/core/audio_manager.gd.remap[39m[0m
[  98% ] [90m[1msavepack[22m | 儲存檔案：res://scripts/core/game_manager.gd.remap[39m[0m
[  98% ] [90m[1msavepack[22m | 儲存檔案：res://scripts/core/input_manager.gd.remap[39m[0m
[  98% ] [90m[1msavepack[22m | 儲存檔案：res://scripts/core/runtime_assets.gd.remap[39m[0m
[  98% ] [90m[1msavepack[22m | 儲存檔案：res://scripts/core/save_manager.gd.remap[39m[0m
[  98% ] [90m[1msavepack[22m | 儲存檔案：res://scripts/core/scene_manager.gd.remap[39m[0m
[  98% ] [90m[1msavepack[22m | 儲存檔案：res://scripts/data/case_data.gd.remap[39m[0m
[  98% ] [90m[1msavepack[22m | 儲存檔案：res://scripts/data/character_data.gd.remap[39m[0m
[  98% ] [90m[1msavepack[22m | 儲存檔案：res://scripts/data/dialogue_data.gd.remap[39m[0m
[  98% ] [90m[1msavepack[22m | 儲存檔案：res://scripts/data/evidence_data.gd.remap[39m[0m
[  98% ] [90m[1msavepack[22m | 儲存檔案：res://scripts/gameplay/augmented_vision.gd.remap[39m[0m
[  98% ] [90m[1msavepack[22m | 儲存檔案：res://scripts/gameplay/dialogue_system.gd.remap[39m[0m
[  98% ] [90m[1msavepack[22m | 儲存檔案：res://scripts/gameplay/evidence_board.gd.remap[39m[0m
[  98% ] [90m[1msavepack[22m | 儲存檔案：res://scripts/gameplay/hotspot.gd.remap[39m[0m
[  98% ] [90m[1msavepack[22m | 儲存檔案：res://scripts/ui/location_base.gd.remap[39m[0m
[  98% ] [90m[1msavepack[22m | 儲存檔案：res://scripts/ui/main_menu.gd.remap[39m[0m
[  98% ] [90m[1msavepack[22m | 儲存檔案：res://scripts/ui/segmented_energy_bar.gd.remap[39m[0m
[  98% ] [90m[1msavepack[22m | 儲存檔案：res://.godot/global_script_class_cache.cfg[39m[0m
[  98% ] [90m[1msavepack[22m | 儲存檔案：res://icon.svg[39m[0m
[  98% ] [90m[1msavepack[22m | 儲存檔案：res://.godot/uid_cache.bin[39m[0m
[  98% ] [90m[1msavepack[22m | 儲存檔案：res://project.binary[39m[0m
[92m[ DONE ][39m [1msavepack[22m
[0m
