  [OK] Canonical company name has no retired aliases
  [OK] Missing brother and duration precede all opening choices
  [OK] Clinic route does not mandate entering the market
  [OK] Refusing a copy trade is not required to retain the original
  [OK] Message summary does not change its recipient to Kai
  [OK] Contaminated memory reading is not certified as authentic
  [OK] Camera gap remains later than the eleven o'clock call
  [OK] Camera gap alone does not identify a kidnapping route
  [OK] Public ending prompt does not imply a trade-count lockout
  [OK] Route commitment clearly stops the other window accepting work

[3] CaseData initial_dialogue → DialogueData
  [OK] Dialogue exists: ch1_mei_ling_intro
  [OK] Dialogue exists: ch1_abyss_bar_enter
  [OK] Dialogue exists: ch1_workshop_enter
  [OK] Dialogue exists: ch1_old_city_police_outpost_enter
  [OK] Dialogue exists: ch1_dr_chen_encounter
  [OK] Dialogue exists: ch1_abyss_bar_backroom_enter
  [OK] Dialogue exists: ch2_opening
  [OK] Dialogue exists: ch2_memory_market_enter
  [OK] Dialogue exists: ch2_warehouse_explore
  [OK] Dialogue exists: ch2_zhao_ming_meeting
  [OK] Dialogue exists: ch2_referral_enter
  [OK] Dialogue exists: ch2_auction_enter
  [OK] Dialogue exists: ch2_civic_archive_enter
  [OK] Dialogue exists: ch3_opening
  [OK] Dialogue exists: ch3_lab_arrival
  [OK] Dialogue exists: ch3_echo_ai
  [OK] Dialogue exists: ch3_recovery_annex_enter
  [OK] Dialogue exists: ch3_epilogue_family

[4] DialogueData label jump targets
  [OK] All 174 jump targets stay within their dialogue

[5] Evidence IDs consistency
  [OK] Found 45 evidence IDs
  [OK] No duplicate evidence IDs
  [OK] All story choices use registered, saveable decision keys
  [OK] Story progression recognises core flag producers and rejects unknown prerequisites
FINAL_TEXT_RESULT: 33 0 0
